exports[`test renders correctly 1`] = `
<div
  className="Home">
  <h1>
    The Royal Game of Ur
  </h1>
  <p>
    This is a 4,500 year old game, one of the oldest, if not the oldest board game in history
  </p>
  <div>
    <h2>
      Here\'s the youtube video that inspired me to make this, as well as where I get the basic rules from
    </h2>
    <iframe
      allowFullScreen={true}
      frameBorder="0"
      height="315"
      src="https://www.youtube.com/embed/WZskjLq040I"
      width="560" />
  </div>
  <div
    className="start">
    <a
      href="/game/123"
      onClick={[Function]}>
      Start a game!
    </a>
  </div>
  <section
    className="existingGames">
    <h2>
      Existing Games
    </h2>
    <ul>
      <div
        className="block">
        Loading...
      </div>
    </ul>
  </section>
</div>
`;
